instance.yaml
Starting Program: 2014-Apr-17 16:24:02
100% (2097-Jan-02)
Finished Program: 2014-Apr-17 16:24:32
Elapsed Time: 00:00:30
