instance.yaml
Starting Program: 2014-Apr-22 11:23:27
100% (2097-Jan-02)
Finished Program: 2014-Apr-22 11:24:08
Elapsed Time: 00:00:41
