instance.yaml
Starting Program: 2014-Apr-22 10:46:55
100% (2097-Jan-02)
Finished Program: 2014-Apr-22 10:47:37
Elapsed Time: 00:00:42
